<?xml version="1.0" encoding="UTF-8"?>
<testsuites name="jest tests" tests="1" failures="0" errors="0" time="1.517">
  <testsuite name="undefined" errors="0" failures="0" skipped="0" timestamp="2022-05-11T04:06:43" time="0.833" tests="1">
    <testcase classname=" renders learn react link" name=" renders learn react link" time="0.027">
    </testcase>
  </testsuite>
</testsuites>